[0.391s] Invoking command in '/home/shamiul/ws_ros2/src/simple_pubsub': DEBUGINFOD_URLS=https://debuginfod.ubuntu.com PYTHONPATH=/home/shamiul/ws_ros2/build/simple_pubsub/prefix_override:/usr/lib/python3/dist-packages/colcon_core/task/python/colcon_distutils_commands:/home/shamiul/ws_ros2/install/simple_pubsub/lib/python3.12/site-packages:${PYTHONPATH} /usr/bin/python3 -W ignore:setup.py install is deprecated -W ignore:easy_install command is deprecated setup.py egg_info --egg-base ../../build/simple_pubsub build --build-base /home/shamiul/ws_ros2/build/simple_pubsub/build install --record /home/shamiul/ws_ros2/build/simple_pubsub/install.log --single-version-externally-managed install_data
[0.476s] running egg_info
[0.476s] creating ../../build/simple_pubsub/simple_pubsub.egg-info
[0.480s] writing ../../build/simple_pubsub/simple_pubsub.egg-info/PKG-INFO
[0.480s] writing dependency_links to ../../build/simple_pubsub/simple_pubsub.egg-info/dependency_links.txt
[0.481s] writing entry points to ../../build/simple_pubsub/simple_pubsub.egg-info/entry_points.txt
[0.481s] writing requirements to ../../build/simple_pubsub/simple_pubsub.egg-info/requires.txt
[0.481s] writing top-level names to ../../build/simple_pubsub/simple_pubsub.egg-info/top_level.txt
[0.481s] writing manifest file '../../build/simple_pubsub/simple_pubsub.egg-info/SOURCES.txt'
[0.491s] reading manifest file '../../build/simple_pubsub/simple_pubsub.egg-info/SOURCES.txt'
[0.491s] writing manifest file '../../build/simple_pubsub/simple_pubsub.egg-info/SOURCES.txt'
[0.491s] running build
[0.491s] running build_py
[0.491s] creating /home/shamiul/ws_ros2/build/simple_pubsub/build
[0.491s] creating /home/shamiul/ws_ros2/build/simple_pubsub/build/lib
[0.491s] creating /home/shamiul/ws_ros2/build/simple_pubsub/build/lib/simple_pubsub
[0.491s] copying simple_pubsub/talker.py -> /home/shamiul/ws_ros2/build/simple_pubsub/build/lib/simple_pubsub
[0.491s] copying simple_pubsub/listener.py -> /home/shamiul/ws_ros2/build/simple_pubsub/build/lib/simple_pubsub
[0.491s] copying simple_pubsub/__init__.py -> /home/shamiul/ws_ros2/build/simple_pubsub/build/lib/simple_pubsub
[0.491s] running install
[0.494s] running install_lib
[0.499s] creating /home/shamiul/ws_ros2/install/simple_pubsub/lib/python3.12/site-packages/simple_pubsub
[0.499s] copying /home/shamiul/ws_ros2/build/simple_pubsub/build/lib/simple_pubsub/talker.py -> /home/shamiul/ws_ros2/install/simple_pubsub/lib/python3.12/site-packages/simple_pubsub
[0.499s] copying /home/shamiul/ws_ros2/build/simple_pubsub/build/lib/simple_pubsub/listener.py -> /home/shamiul/ws_ros2/install/simple_pubsub/lib/python3.12/site-packages/simple_pubsub
[0.499s] copying /home/shamiul/ws_ros2/build/simple_pubsub/build/lib/simple_pubsub/__init__.py -> /home/shamiul/ws_ros2/install/simple_pubsub/lib/python3.12/site-packages/simple_pubsub
[0.500s] byte-compiling /home/shamiul/ws_ros2/install/simple_pubsub/lib/python3.12/site-packages/simple_pubsub/talker.py to talker.cpython-312.pyc
[0.500s] byte-compiling /home/shamiul/ws_ros2/install/simple_pubsub/lib/python3.12/site-packages/simple_pubsub/listener.py to listener.cpython-312.pyc
[0.500s] byte-compiling /home/shamiul/ws_ros2/install/simple_pubsub/lib/python3.12/site-packages/simple_pubsub/__init__.py to __init__.cpython-312.pyc
[0.500s] running install_data
[0.500s] creating /home/shamiul/ws_ros2/install/simple_pubsub/share/ament_index
[0.500s] creating /home/shamiul/ws_ros2/install/simple_pubsub/share/ament_index/resource_index
[0.500s] creating /home/shamiul/ws_ros2/install/simple_pubsub/share/ament_index/resource_index/packages
[0.500s] copying resource/simple_pubsub -> /home/shamiul/ws_ros2/install/simple_pubsub/share/ament_index/resource_index/packages
[0.500s] copying package.xml -> /home/shamiul/ws_ros2/install/simple_pubsub/share/simple_pubsub
[0.500s] running install_egg_info
[0.506s] Copying ../../build/simple_pubsub/simple_pubsub.egg-info to /home/shamiul/ws_ros2/install/simple_pubsub/lib/python3.12/site-packages/simple_pubsub-0.0.0-py3.12.egg-info
[0.506s] running install_scripts
[0.546s] Installing listener script to /home/shamiul/ws_ros2/install/simple_pubsub/lib/simple_pubsub
[0.546s] Installing talker script to /home/shamiul/ws_ros2/install/simple_pubsub/lib/simple_pubsub
[0.546s] writing list of installed files to '/home/shamiul/ws_ros2/build/simple_pubsub/install.log'
[0.560s] Invoked command in '/home/shamiul/ws_ros2/src/simple_pubsub' returned '0': DEBUGINFOD_URLS=https://debuginfod.ubuntu.com PYTHONPATH=/home/shamiul/ws_ros2/build/simple_pubsub/prefix_override:/usr/lib/python3/dist-packages/colcon_core/task/python/colcon_distutils_commands:/home/shamiul/ws_ros2/install/simple_pubsub/lib/python3.12/site-packages:${PYTHONPATH} /usr/bin/python3 -W ignore:setup.py install is deprecated -W ignore:easy_install command is deprecated setup.py egg_info --egg-base ../../build/simple_pubsub build --build-base /home/shamiul/ws_ros2/build/simple_pubsub/build install --record /home/shamiul/ws_ros2/build/simple_pubsub/install.log --single-version-externally-managed install_data
